// Jest Snapshot v1, https://goo.gl/fbAQLP

exports[`should take a snapshot 1`] = `
<DocumentFragment>
  <div
    class="aby_container"
    data-testid="bookingBox"
    style="margin-top: 80px; font-size: 32px;"
  >
    <section
      id="userBookings"
    >
      <h1
        class="page-title"
        data-testid="page-title"
      >
        My Bookings
      </h1>
      <p>
        Please manage your listing information! 
      </p>
      <div
        class="row card-deck"
        style="display: flex; flex: 1; flex-wrap: wrap; justify-content: flex-start;"
      />
    </section>
  </div>
</DocumentFragment>
`;
